2024-06-09T08:16:56  docs: expand examples
2024-07-13T15:33:03  test: strengthen coverage
2024-07-23T10:50:10  chore: tune defaults
2024-08-27T17:07:17  refactor: simplify helper
2024-09-13T12:24:24  chore: routine maintenance
2024-10-18T19:41:31  docs: clarify usage notes
2024-10-28T14:58:38  test: add edge case
2024-12-09T09:15:45  refactor: tidy internals
2024-12-19T16:32:52  fix: handle empty input gracefully
2025-01-23T11:49:59  perf: micro-optimization
2025-02-02T18:06:06  style: formatting
2025-03-16T13:23:13  chore: bump dev tooling
2025-03-26T08:40:20  docs: expand examples
2025-04-30T15:57:27  test: strengthen coverage
2025-05-17T10:14:34  chore: tune defaults
2025-06-21T17:31:41  refactor: simplify helper
2025-07-01T12:48:48  chore: routine maintenance
2025-08-11T19:05:55  docs: clarify usage notes
2025-08-22T14:22:02  test: add edge case
2025-09-25T09:39:09  refactor: tidy internals
2025-10-06T16:56:16  fix: handle empty input gracefully
2025-11-16T11:13:23  perf: micro-optimization
